.NET Framework i├ğin MSBuild s├╝r├╝m 17.14.40+3e7442088
Olu┼şturma ba┼şlat─▒ld─▒: 4.03.2026 22:07:02.

1 d├╝─ş├╝m├╝nde "C:\ShadowStrike\ShadowStrike\PhantomSensor\PhantomSensor.vcxproj" projesi (ClCompile hedef).
DriverBuildNotifications:
  Building 'PhantomSensor' with toolset 'WindowsKernelModeDriver10.0' and the 'Universal' target platform.
  Using KMDF 1.15.
PrepareForBuild:
  Yap─▒land─▒r─▒lm─▒┼ş ├ğ─▒k─▒┼ş etkinle┼ştirildi. Derleyici tan─▒lamas─▒n─▒n bi├ğimlendirmesi hata hiyerar┼şisini yans─▒t─▒r. Daha fazla ayr─▒nt─▒ i├ğin bkz. https://aka.ms/cpp/structured-output.
InitializeBuildStatus:
  "x64\Release\PhantomSensor.tlog\unsuccessfulbuild" ├Â─şesine eri┼şiliyor.
ComputeStdModulesCompileInputs:
  'microsoft/STL' kitapl─▒─ş─▒ndan veri sa─şlayan 'C:\Program Files\Microsoft Visual Studio\2022\Community\VC\Tools\MSVC\14.44.35207\modules\modules.json' kitapl─▒k bildirim dosyas─▒ okunuyor.
  Bu proje ile derlenmek ├╝zere 'C:\Program Files\Microsoft Visual Studio\2022\Community\VC\Tools\MSVC\14.44.35207\modules\std.ixx' mod├╝l kayna─ş─▒ 'microsoft/STL' kitapl─▒─ş─▒ndan ekleniyor.
  Bu proje ile derlenmek ├╝zere 'C:\Program Files\Microsoft Visual Studio\2022\Community\VC\Tools\MSVC\14.44.35207\modules\std.compat.ixx' mod├╝l kayna─ş─▒ 'microsoft/STL' kitapl─▒─ş─▒ndan ekleniyor.
VcpkgTripletSelection:
  Using triplet "x64-windows" from "C:\Users\RTX40\source\repos\ShadowStrike\vcpkg\vcpkg\installed\x64-windows\"
  Using normalized configuration "Release"
ClCompile:
  C:\Program Files\Microsoft Visual Studio\2022\Community\VC\Tools\MSVC\14.44.35207\bin\HostX86\x64\CL.exe /c /Ix64\Release\ /I"C:\Users\RTX40\source\repos\ShadowStrike\vcpkg\vcpkg\installed\x64-windows\include" /Zi /nologo /W4 /WX /diagnostics:column /Ox /Os /Oy- /D _WIN64 /D _AMD64_ /D AMD64 /D _WIN32_WINNT=0x0A00 /D WINVER=0x0A00 /D WINNT=1 /D NTDDI_VERSION=0xA000010 /D KMDF_VERSION_MAJOR=1 /D KMDF_VERSION_MINOR=15 /GF /Gm- /Zp8 /GS /guard:cf /Gy /fp:precise /Qspectre /Zc:wchar_t- /Zc:forScope /Zc:inline /GR- /std:c++23preview /Fo"x64\Release\\" /Fd"x64\Release\vc143.pdb" /external:W4 /Gz /wd4603 /wd4627 /wd4986 /wd4987 /FI"C:\Program Files (x86)\Windows Kits\10\Include\10.0.26100.0\shared\warning.h" /FC /errorReport:queue /kernel -cbstring -d2epilogunwind  /d1nodatetime /d1import_no_registry /d2AllowCompatibleILVersions /d2Zi+ PhantomSensor\Callbacks\FileSystem\FileBackupEngine.c PhantomSensor\Callbacks\FileSystem\FileSystemCallbacks.c PhantomSensor\Callbacks\FileSystem\NamedPipeMonitor.c PhantomSensor\Callbacks\FileSystem\PostCreate.c PhantomSensor\Callbacks\FileSystem\PostWrite.c PhantomSensor\Callbacks\FileSystem\PreAcquireSection.c PhantomSensor\Callbacks\FileSystem\PreCreate.c PhantomSensor\Callbacks\FileSystem\PreSetInfo.c PhantomSensor\Callbacks\FileSystem\PreWrite.c PhantomSensor\Callbacks\FileSystem\USBDeviceControl.c PhantomSensor\Callbacks\Object\ObjectCallback.c PhantomSensor\Callbacks\Object\ProcessProtection.c PhantomSensor\Callbacks\Object\ThreadProtection.c PhantomSensor\Callbacks\Process\AmsiBypassDetector.c PhantomSensor\Callbacks\Process\AppControl.c PhantomSensor\Callbacks\Process\ClipboardMonitor.c PhantomSensor\Callbacks\Process\CommandLineParser.c PhantomSensor\Callbacks\Process\EnvironmentMonitor.c PhantomSensor\Callbacks\Process\HandleTracker.c PhantomSensor\Callbacks\Process\ImageNotify.c PhantomSensor\Callbacks\Process\ParentChainTracker.c PhantomSensor\Callbacks\Process\PrivilegeMonitor.c PhantomSensor\Callbacks\Process\ProcessAnalyzer.c PhantomSensor\Callbacks\Process\ProcessNotify.c PhantomSensor\Callbacks\Process\ProcessRelationship.c PhantomSensor\Callbacks\Process\ThreadNotify.c PhantomSensor\Callbacks\Process\TokenAnalyzer.c PhantomSensor\Callbacks\Process\WSLMonitor.c PhantomSensor\Callbacks\Registry\RegistryCallback.c PhantomSensor\Communication\ScanBridge.c PhantomSensor\Exclusions\ProcessExclusion.c PhantomSensor\Memory\MemoryMonitor.c PhantomSensor\Memory\MemoryScanner.c PhantomSensor\Performance\BatchProcessing.c PhantomSensor\Performance\CacheOptimization.c PhantomSensor\Utilities\StringUtils.c
  FileBackupEngine.c
  FileSystemCallbacks.c
  NamedPipeMonitor.c
  PostCreate.c
C:\ShadowStrike\ShadowStrike\PhantomSensor\PhantomSensor\Callbacks\FileSystem\FileBackupEngine.c(1,1): error C1041: program veritaban─▒ 'C:\ShadowStrike\ShadowStrike\PhantomSensor\x64\Release\vc143.pdb' a├ğ─▒lam─▒yor; e─şer birden ├ğok CL.EXE ayn─▒ .PDB dosyas─▒na yaz─▒yorsa, l├╝tfen /FS kullan─▒n [C:\ShadowStrike\ShadowStrike\PhantomSensor\PhantomSensor.vcxproj]
C:\ShadowStrike\ShadowStrike\PhantomSensor\PhantomSensor\Callbacks\FileSystem\FileSystemCallbacks.c(1,1): error C1041: program veritaban─▒ 'C:\ShadowStrike\ShadowStrike\PhantomSensor\x64\Release\vc143.pdb' a├ğ─▒lam─▒yor; e─şer birden ├ğok CL.EXE ayn─▒ .PDB dosyas─▒na yaz─▒yorsa, l├╝tfen /FS kullan─▒n [C:\ShadowStrike\ShadowStrike\PhantomSensor\PhantomSensor.vcxproj]
C:\ShadowStrike\ShadowStrike\PhantomSensor\PhantomSensor\Callbacks\FileSystem\NamedPipeMonitor.c(1,1): error C1041: program veritaban─▒ 'C:\ShadowStrike\ShadowStrike\PhantomSensor\x64\Release\vc143.pdb' a├ğ─▒lam─▒yor; e─şer birden ├ğok CL.EXE ayn─▒ .PDB dosyas─▒na yaz─▒yorsa, l├╝tfen /FS kullan─▒n [C:\ShadowStrike\ShadowStrike\PhantomSensor\PhantomSensor.vcxproj]
C:\ShadowStrike\ShadowStrike\PhantomSensor\PhantomSensor\Callbacks\FileSystem\PostCreate.c(1,1): error C1041: program veritaban─▒ 'C:\ShadowStrike\ShadowStrike\PhantomSensor\x64\Release\vc143.pdb' a├ğ─▒lam─▒yor; e─şer birden ├ğok CL.EXE ayn─▒ .PDB dosyas─▒na yaz─▒yorsa, l├╝tfen /FS kullan─▒n [C:\ShadowStrike\ShadowStrike\PhantomSensor\PhantomSensor.vcxproj]
  PostWrite.c
C:\ShadowStrike\ShadowStrike\PhantomSensor\PhantomSensor\Callbacks\FileSystem\PostWrite.c(1,1): error C1041: program veritaban─▒ 'C:\ShadowStrike\ShadowStrike\PhantomSensor\x64\Release\vc143.pdb' a├ğ─▒lam─▒yor; e─şer birden ├ğok CL.EXE ayn─▒ .PDB dosyas─▒na yaz─▒yorsa, l├╝tfen /FS kullan─▒n [C:\ShadowStrike\ShadowStrike\PhantomSensor\PhantomSensor.vcxproj]
  PreAcquireSection.c
C:\ShadowStrike\ShadowStrike\PhantomSensor\PhantomSensor\Callbacks\FileSystem\PreAcquireSection.c(1,1): error C1041: program veritaban─▒ 'C:\ShadowStrike\ShadowStrike\PhantomSensor\x64\Release\vc143.pdb' a├ğ─▒lam─▒yor; e─şer birden ├ğok CL.EXE ayn─▒ .PDB dosyas─▒na yaz─▒yorsa, l├╝tfen /FS kullan─▒n [C:\ShadowStrike\ShadowStrike\PhantomSensor\PhantomSensor.vcxproj]
  PreCreate.c
C:\ShadowStrike\ShadowStrike\PhantomSensor\PhantomSensor\Callbacks\FileSystem\PreCreate.c(1,1): error C1041: program veritaban─▒ 'C:\ShadowStrike\ShadowStrike\PhantomSensor\x64\Release\vc143.pdb' a├ğ─▒lam─▒yor; e─şer birden ├ğok CL.EXE ayn─▒ .PDB dosyas─▒na yaz─▒yorsa, l├╝tfen /FS kullan─▒n [C:\ShadowStrike\ShadowStrike\PhantomSensor\PhantomSensor.vcxproj]
  PreSetInfo.c
C:\ShadowStrike\ShadowStrike\PhantomSensor\PhantomSensor\Callbacks\FileSystem\PreSetInfo.c(1,1): error C1041: program veritaban─▒ 'C:\ShadowStrike\ShadowStrike\PhantomSensor\x64\Release\vc143.pdb' a├ğ─▒lam─▒yor; e─şer birden ├ğok CL.EXE ayn─▒ .PDB dosyas─▒na yaz─▒yorsa, l├╝tfen /FS kullan─▒n [C:\ShadowStrike\ShadowStrike\PhantomSensor\PhantomSensor.vcxproj]
  PreWrite.c
C:\ShadowStrike\ShadowStrike\PhantomSensor\PhantomSensor\Callbacks\FileSystem\PreWrite.c(1,1): error C1041: program veritaban─▒ 'C:\ShadowStrike\ShadowStrike\PhantomSensor\x64\Release\vc143.pdb' a├ğ─▒lam─▒yor; e─şer birden ├ğok CL.EXE ayn─▒ .PDB dosyas─▒na yaz─▒yorsa, l├╝tfen /FS kullan─▒n [C:\ShadowStrike\ShadowStrike\PhantomSensor\PhantomSensor.vcxproj]
  USBDeviceControl.c
C:\ShadowStrike\ShadowStrike\PhantomSensor\PhantomSensor\Callbacks\FileSystem\USBDeviceControl.c(1,1): error C1041: program veritaban─▒ 'C:\ShadowStrike\ShadowStrike\PhantomSensor\x64\Release\vc143.pdb' a├ğ─▒lam─▒yor; e─şer birden ├ğok CL.EXE ayn─▒ .PDB dosyas─▒na yaz─▒yorsa, l├╝tfen /FS kullan─▒n [C:\ShadowStrike\ShadowStrike\PhantomSensor\PhantomSensor.vcxproj]
  ObjectCallback.c
C:\ShadowStrike\ShadowStrike\PhantomSensor\PhantomSensor\Callbacks\Object\ObjectCallback.c(1,1): error C1041: program veritaban─▒ 'C:\ShadowStrike\ShadowStrike\PhantomSensor\x64\Release\vc143.pdb' a├ğ─▒lam─▒yor; e─şer birden ├ğok CL.EXE ayn─▒ .PDB dosyas─▒na yaz─▒yorsa, l├╝tfen /FS kullan─▒n [C:\ShadowStrike\ShadowStrike\PhantomSensor\PhantomSensor.vcxproj]
  ProcessProtection.c
C:\ShadowStrike\ShadowStrike\PhantomSensor\PhantomSensor\Callbacks\Object\ProcessProtection.c(1,1): error C1041: program veritaban─▒ 'C:\ShadowStrike\ShadowStrike\PhantomSensor\x64\Release\vc143.pdb' a├ğ─▒lam─▒yor; e─şer birden ├ğok CL.EXE ayn─▒ .PDB dosyas─▒na yaz─▒yorsa, l├╝tfen /FS kullan─▒n [C:\ShadowStrike\ShadowStrike\PhantomSensor\PhantomSensor.vcxproj]
  ThreadProtection.c
C:\ShadowStrike\ShadowStrike\PhantomSensor\PhantomSensor\Callbacks\Object\ThreadProtection.c(1,1): error C1041: program veritaban─▒ 'C:\ShadowStrike\ShadowStrike\PhantomSensor\x64\Release\vc143.pdb' a├ğ─▒lam─▒yor; e─şer birden ├ğok CL.EXE ayn─▒ .PDB dosyas─▒na yaz─▒yorsa, l├╝tfen /FS kullan─▒n [C:\ShadowStrike\ShadowStrike\PhantomSensor\PhantomSensor.vcxproj]
  AmsiBypassDetector.c
C:\ShadowStrike\ShadowStrike\PhantomSensor\PhantomSensor\Callbacks\Process\AmsiBypassDetector.c(1,1): error C1041: program veritaban─▒ 'C:\ShadowStrike\ShadowStrike\PhantomSensor\x64\Release\vc143.pdb' a├ğ─▒lam─▒yor; e─şer birden ├ğok CL.EXE ayn─▒ .PDB dosyas─▒na yaz─▒yorsa, l├╝tfen /FS kullan─▒n [C:\ShadowStrike\ShadowStrike\PhantomSensor\PhantomSensor.vcxproj]
  AppControl.c
C:\ShadowStrike\ShadowStrike\PhantomSensor\PhantomSensor\Callbacks\Process\AppControl.c(1,1): error C1041: program veritaban─▒ 'C:\ShadowStrike\ShadowStrike\PhantomSensor\x64\Release\vc143.pdb' a├ğ─▒lam─▒yor; e─şer birden ├ğok CL.EXE ayn─▒ .PDB dosyas─▒na yaz─▒yorsa, l├╝tfen /FS kullan─▒n [C:\ShadowStrike\ShadowStrike\PhantomSensor\PhantomSensor.vcxproj]
  ClipboardMonitor.c
C:\ShadowStrike\ShadowStrike\PhantomSensor\PhantomSensor\Callbacks\Process\ClipboardMonitor.c(1,1): error C1041: program veritaban─▒ 'C:\ShadowStrike\ShadowStrike\PhantomSensor\x64\Release\vc143.pdb' a├ğ─▒lam─▒yor; e─şer birden ├ğok CL.EXE ayn─▒ .PDB dosyas─▒na yaz─▒yorsa, l├╝tfen /FS kullan─▒n [C:\ShadowStrike\ShadowStrike\PhantomSensor\PhantomSensor.vcxproj]
  CommandLineParser.c
C:\ShadowStrike\ShadowStrike\PhantomSensor\PhantomSensor\Callbacks\Process\CommandLineParser.c(1,1): error C1041: program veritaban─▒ 'C:\ShadowStrike\ShadowStrike\PhantomSensor\x64\Release\vc143.pdb' a├ğ─▒lam─▒yor; e─şer birden ├ğok CL.EXE ayn─▒ .PDB dosyas─▒na yaz─▒yorsa, l├╝tfen /FS kullan─▒n [C:\ShadowStrike\ShadowStrike\PhantomSensor\PhantomSensor.vcxproj]
  EnvironmentMonitor.c
C:\ShadowStrike\ShadowStrike\PhantomSensor\PhantomSensor\Callbacks\Process\EnvironmentMonitor.c(1,1): error C1041: program veritaban─▒ 'C:\ShadowStrike\ShadowStrike\PhantomSensor\x64\Release\vc143.pdb' a├ğ─▒lam─▒yor; e─şer birden ├ğok CL.EXE ayn─▒ .PDB dosyas─▒na yaz─▒yorsa, l├╝tfen /FS kullan─▒n [C:\ShadowStrike\ShadowStrike\PhantomSensor\PhantomSensor.vcxproj]
  HandleTracker.c
C:\ShadowStrike\ShadowStrike\PhantomSensor\PhantomSensor\Callbacks\Process\HandleTracker.c(1,1): error C1041: program veritaban─▒ 'C:\ShadowStrike\ShadowStrike\PhantomSensor\x64\Release\vc143.pdb' a├ğ─▒lam─▒yor; e─şer birden ├ğok CL.EXE ayn─▒ .PDB dosyas─▒na yaz─▒yorsa, l├╝tfen /FS kullan─▒n [C:\ShadowStrike\ShadowStrike\PhantomSensor\PhantomSensor.vcxproj]
  ImageNotify.c
C:\ShadowStrike\ShadowStrike\PhantomSensor\PhantomSensor\Callbacks\Process\ImageNotify.c(1,1): error C1041: program veritaban─▒ 'C:\ShadowStrike\ShadowStrike\PhantomSensor\x64\Release\vc143.pdb' a├ğ─▒lam─▒yor; e─şer birden ├ğok CL.EXE ayn─▒ .PDB dosyas─▒na yaz─▒yorsa, l├╝tfen /FS kullan─▒n [C:\ShadowStrike\ShadowStrike\PhantomSensor\PhantomSensor.vcxproj]
  Kod ├£retiliyor...
  Derleniyor...
  ParentChainTracker.c
C:\ShadowStrike\ShadowStrike\PhantomSensor\PhantomSensor\Callbacks\Process\ParentChainTracker.c(1,1): error C1041: program veritaban─▒ 'C:\ShadowStrike\ShadowStrike\PhantomSensor\x64\Release\vc143.pdb' a├ğ─▒lam─▒yor; e─şer birden ├ğok CL.EXE ayn─▒ .PDB dosyas─▒na yaz─▒yorsa, l├╝tfen /FS kullan─▒n [C:\ShadowStrike\ShadowStrike\PhantomSensor\PhantomSensor.vcxproj]
  PrivilegeMonitor.c
C:\ShadowStrike\ShadowStrike\PhantomSensor\PhantomSensor\Callbacks\Process\PrivilegeMonitor.c(1,1): error C1041: program veritaban─▒ 'C:\ShadowStrike\ShadowStrike\PhantomSensor\x64\Release\vc143.pdb' a├ğ─▒lam─▒yor; e─şer birden ├ğok CL.EXE ayn─▒ .PDB dosyas─▒na yaz─▒yorsa, l├╝tfen /FS kullan─▒n [C:\ShadowStrike\ShadowStrike\PhantomSensor\PhantomSensor.vcxproj]
  ProcessAnalyzer.c
C:\ShadowStrike\ShadowStrike\PhantomSensor\PhantomSensor\Callbacks\Process\ProcessAnalyzer.c(1,1): error C1041: program veritaban─▒ 'C:\ShadowStrike\ShadowStrike\PhantomSensor\x64\Release\vc143.pdb' a├ğ─▒lam─▒yor; e─şer birden ├ğok CL.EXE ayn─▒ .PDB dosyas─▒na yaz─▒yorsa, l├╝tfen /FS kullan─▒n [C:\ShadowStrike\ShadowStrike\PhantomSensor\PhantomSensor.vcxproj]
  ProcessNotify.c
C:\ShadowStrike\ShadowStrike\PhantomSensor\PhantomSensor\Callbacks\Process\ProcessNotify.c(1,1): error C1041: program veritaban─▒ 'C:\ShadowStrike\ShadowStrike\PhantomSensor\x64\Release\vc143.pdb' a├ğ─▒lam─▒yor; e─şer birden ├ğok CL.EXE ayn─▒ .PDB dosyas─▒na yaz─▒yorsa, l├╝tfen /FS kullan─▒n [C:\ShadowStrike\ShadowStrike\PhantomSensor\PhantomSensor.vcxproj]
  ProcessRelationship.c
C:\ShadowStrike\ShadowStrike\PhantomSensor\PhantomSensor\Callbacks\Process\ProcessRelationship.c(1,1): error C1041: program veritaban─▒ 'C:\ShadowStrike\ShadowStrike\PhantomSensor\x64\Release\vc143.pdb' a├ğ─▒lam─▒yor; e─şer birden ├ğok CL.EXE ayn─▒ .PDB dosyas─▒na yaz─▒yorsa, l├╝tfen /FS kullan─▒n [C:\ShadowStrike\ShadowStrike\PhantomSensor\PhantomSensor.vcxproj]
  ThreadNotify.c
C:\ShadowStrike\ShadowStrike\PhantomSensor\PhantomSensor\Callbacks\Process\ThreadNotify.c(1,1): error C1041: program veritaban─▒ 'C:\ShadowStrike\ShadowStrike\PhantomSensor\x64\Release\vc143.pdb' a├ğ─▒lam─▒yor; e─şer birden ├ğok CL.EXE ayn─▒ .PDB dosyas─▒na yaz─▒yorsa, l├╝tfen /FS kullan─▒n [C:\ShadowStrike\ShadowStrike\PhantomSensor\PhantomSensor.vcxproj]
  TokenAnalyzer.c
C:\ShadowStrike\ShadowStrike\PhantomSensor\PhantomSensor\Callbacks\Process\TokenAnalyzer.c(1,1): error C1041: program veritaban─▒ 'C:\ShadowStrike\ShadowStrike\PhantomSensor\x64\Release\vc143.pdb' a├ğ─▒lam─▒yor; e─şer birden ├ğok CL.EXE ayn─▒ .PDB dosyas─▒na yaz─▒yorsa, l├╝tfen /FS kullan─▒n [C:\ShadowStrike\ShadowStrike\PhantomSensor\PhantomSensor.vcxproj]
  WSLMonitor.c
C:\ShadowStrike\ShadowStrike\PhantomSensor\PhantomSensor\Callbacks\Process\WSLMonitor.c(1,1): error C1041: program veritaban─▒ 'C:\ShadowStrike\ShadowStrike\PhantomSensor\x64\Release\vc143.pdb' a├ğ─▒lam─▒yor; e─şer birden ├ğok CL.EXE ayn─▒ .PDB dosyas─▒na yaz─▒yorsa, l├╝tfen /FS kullan─▒n [C:\ShadowStrike\ShadowStrike\PhantomSensor\PhantomSensor.vcxproj]
  RegistryCallback.c
C:\ShadowStrike\ShadowStrike\PhantomSensor\PhantomSensor\Callbacks\Registry\RegistryCallback.c(1,1): error C1041: program veritaban─▒ 'C:\ShadowStrike\ShadowStrike\PhantomSensor\x64\Release\vc143.pdb' a├ğ─▒lam─▒yor; e─şer birden ├ğok CL.EXE ayn─▒ .PDB dosyas─▒na yaz─▒yorsa, l├╝tfen /FS kullan─▒n [C:\ShadowStrike\ShadowStrike\PhantomSensor\PhantomSensor.vcxproj]
  ScanBridge.c
C:\ShadowStrike\ShadowStrike\PhantomSensor\PhantomSensor\Communication\ScanBridge.c(1,1): error C1041: program veritaban─▒ 'C:\ShadowStrike\ShadowStrike\PhantomSensor\x64\Release\vc143.pdb' a├ğ─▒lam─▒yor; e─şer birden ├ğok CL.EXE ayn─▒ .PDB dosyas─▒na yaz─▒yorsa, l├╝tfen /FS kullan─▒n [C:\ShadowStrike\ShadowStrike\PhantomSensor\PhantomSensor.vcxproj]
  ProcessExclusion.c
C:\ShadowStrike\ShadowStrike\PhantomSensor\PhantomSensor\Exclusions\ProcessExclusion.c(1,1): error C1041: program veritaban─▒ 'C:\ShadowStrike\ShadowStrike\PhantomSensor\x64\Release\vc143.pdb' a├ğ─▒lam─▒yor; e─şer birden ├ğok CL.EXE ayn─▒ .PDB dosyas─▒na yaz─▒yorsa, l├╝tfen /FS kullan─▒n [C:\ShadowStrike\ShadowStrike\PhantomSensor\PhantomSensor.vcxproj]
  MemoryMonitor.c
C:\ShadowStrike\ShadowStrike\PhantomSensor\PhantomSensor\Memory\MemoryMonitor.c(1,1): error C1041: program veritaban─▒ 'C:\ShadowStrike\ShadowStrike\PhantomSensor\x64\Release\vc143.pdb' a├ğ─▒lam─▒yor; e─şer birden ├ğok CL.EXE ayn─▒ .PDB dosyas─▒na yaz─▒yorsa, l├╝tfen /FS kullan─▒n [C:\ShadowStrike\ShadowStrike\PhantomSensor\PhantomSensor.vcxproj]
  MemoryScanner.c
C:\ShadowStrike\ShadowStrike\PhantomSensor\PhantomSensor\Memory\MemoryScanner.c(1,1): error C1041: program veritaban─▒ 'C:\ShadowStrike\ShadowStrike\PhantomSensor\x64\Release\vc143.pdb' a├ğ─▒lam─▒yor; e─şer birden ├ğok CL.EXE ayn─▒ .PDB dosyas─▒na yaz─▒yorsa, l├╝tfen /FS kullan─▒n [C:\ShadowStrike\ShadowStrike\PhantomSensor\PhantomSensor.vcxproj]
  BatchProcessing.c
C:\ShadowStrike\ShadowStrike\PhantomSensor\PhantomSensor\Performance\BatchProcessing.c(1,1): error C1041: program veritaban─▒ 'C:\ShadowStrike\ShadowStrike\PhantomSensor\x64\Release\vc143.pdb' a├ğ─▒lam─▒yor; e─şer birden ├ğok CL.EXE ayn─▒ .PDB dosyas─▒na yaz─▒yorsa, l├╝tfen /FS kullan─▒n [C:\ShadowStrike\ShadowStrike\PhantomSensor\PhantomSensor.vcxproj]
  CacheOptimization.c
C:\ShadowStrike\ShadowStrike\PhantomSensor\PhantomSensor\Performance\CacheOptimization.c(1,1): error C1041: program veritaban─▒ 'C:\ShadowStrike\ShadowStrike\PhantomSensor\x64\Release\vc143.pdb' a├ğ─▒lam─▒yor; e─şer birden ├ğok CL.EXE ayn─▒ .PDB dosyas─▒na yaz─▒yorsa, l├╝tfen /FS kullan─▒n [C:\ShadowStrike\ShadowStrike\PhantomSensor\PhantomSensor.vcxproj]
  StringUtils.c
C:\ShadowStrike\ShadowStrike\PhantomSensor\PhantomSensor\Utilities\StringUtils.c(1,1): error C1041: program veritaban─▒ 'C:\ShadowStrike\ShadowStrike\PhantomSensor\x64\Release\vc143.pdb' a├ğ─▒lam─▒yor; e─şer birden ├ğok CL.EXE ayn─▒ .PDB dosyas─▒na yaz─▒yorsa, l├╝tfen /FS kullan─▒n [C:\ShadowStrike\ShadowStrike\PhantomSensor\PhantomSensor.vcxproj]
  Kod ├£retiliyor...
"C:\ShadowStrike\ShadowStrike\PhantomSensor\PhantomSensor.vcxproj" Projesini Olu┼şturma ─░┼şlemi Tamamland─▒ (ClCompile hedef) -- BA┼ŞARISIZ OLDU.

Olu┼şturma BA┼ŞARISIZ OLDU.

"C:\ShadowStrike\ShadowStrike\PhantomSensor\PhantomSensor.vcxproj" (ClCompile hedefi) (1) ->
(ClCompile hedefi) -> 
  C:\ShadowStrike\ShadowStrike\PhantomSensor\PhantomSensor\Callbacks\FileSystem\FileBackupEngine.c(1,1): error C1041: program veritaban─▒ 'C:\ShadowStrike\ShadowStrike\PhantomSensor\x64\Release\vc143.pdb' a├ğ─▒lam─▒yor; e─şer birden ├ğok CL.EXE ayn─▒ .PDB dosyas─▒na yaz─▒yorsa, l├╝tfen /FS kullan─▒n [C:\ShadowStrike\ShadowStrike\PhantomSensor\PhantomSensor.vcxproj]
  C:\ShadowStrike\ShadowStrike\PhantomSensor\PhantomSensor\Callbacks\FileSystem\FileSystemCallbacks.c(1,1): error C1041: program veritaban─▒ 'C:\ShadowStrike\ShadowStrike\PhantomSensor\x64\Release\vc143.pdb' a├ğ─▒lam─▒yor; e─şer birden ├ğok CL.EXE ayn─▒ .PDB dosyas─▒na yaz─▒yorsa, l├╝tfen /FS kullan─▒n [C:\ShadowStrike\ShadowStrike\PhantomSensor\PhantomSensor.vcxproj]
  C:\ShadowStrike\ShadowStrike\PhantomSensor\PhantomSensor\Callbacks\FileSystem\NamedPipeMonitor.c(1,1): error C1041: program veritaban─▒ 'C:\ShadowStrike\ShadowStrike\PhantomSensor\x64\Release\vc143.pdb' a├ğ─▒lam─▒yor; e─şer birden ├ğok CL.EXE ayn─▒ .PDB dosyas─▒na yaz─▒yorsa, l├╝tfen /FS kullan─▒n [C:\ShadowStrike\ShadowStrike\PhantomSensor\PhantomSensor.vcxproj]
  C:\ShadowStrike\ShadowStrike\PhantomSensor\PhantomSensor\Callbacks\FileSystem\PostCreate.c(1,1): error C1041: program veritaban─▒ 'C:\ShadowStrike\ShadowStrike\PhantomSensor\x64\Release\vc143.pdb' a├ğ─▒lam─▒yor; e─şer birden ├ğok CL.EXE ayn─▒ .PDB dosyas─▒na yaz─▒yorsa, l├╝tfen /FS kullan─▒n [C:\ShadowStrike\ShadowStrike\PhantomSensor\PhantomSensor.vcxproj]
  C:\ShadowStrike\ShadowStrike\PhantomSensor\PhantomSensor\Callbacks\FileSystem\PostWrite.c(1,1): error C1041: program veritaban─▒ 'C:\ShadowStrike\ShadowStrike\PhantomSensor\x64\Release\vc143.pdb' a├ğ─▒lam─▒yor; e─şer birden ├ğok CL.EXE ayn─▒ .PDB dosyas─▒na yaz─▒yorsa, l├╝tfen /FS kullan─▒n [C:\ShadowStrike\ShadowStrike\PhantomSensor\PhantomSensor.vcxproj]
  C:\ShadowStrike\ShadowStrike\PhantomSensor\PhantomSensor\Callbacks\FileSystem\PreAcquireSection.c(1,1): error C1041: program veritaban─▒ 'C:\ShadowStrike\ShadowStrike\PhantomSensor\x64\Release\vc143.pdb' a├ğ─▒lam─▒yor; e─şer birden ├ğok CL.EXE ayn─▒ .PDB dosyas─▒na yaz─▒yorsa, l├╝tfen /FS kullan─▒n [C:\ShadowStrike\ShadowStrike\PhantomSensor\PhantomSensor.vcxproj]
  C:\ShadowStrike\ShadowStrike\PhantomSensor\PhantomSensor\Callbacks\FileSystem\PreCreate.c(1,1): error C1041: program veritaban─▒ 'C:\ShadowStrike\ShadowStrike\PhantomSensor\x64\Release\vc143.pdb' a├ğ─▒lam─▒yor; e─şer birden ├ğok CL.EXE ayn─▒ .PDB dosyas─▒na yaz─▒yorsa, l├╝tfen /FS kullan─▒n [C:\ShadowStrike\ShadowStrike\PhantomSensor\PhantomSensor.vcxproj]
  C:\ShadowStrike\ShadowStrike\PhantomSensor\PhantomSensor\Callbacks\FileSystem\PreSetInfo.c(1,1): error C1041: program veritaban─▒ 'C:\ShadowStrike\ShadowStrike\PhantomSensor\x64\Release\vc143.pdb' a├ğ─▒lam─▒yor; e─şer birden ├ğok CL.EXE ayn─▒ .PDB dosyas─▒na yaz─▒yorsa, l├╝tfen /FS kullan─▒n [C:\ShadowStrike\ShadowStrike\PhantomSensor\PhantomSensor.vcxproj]
  C:\ShadowStrike\ShadowStrike\PhantomSensor\PhantomSensor\Callbacks\FileSystem\PreWrite.c(1,1): error C1041: program veritaban─▒ 'C:\ShadowStrike\ShadowStrike\PhantomSensor\x64\Release\vc143.pdb' a├ğ─▒lam─▒yor; e─şer birden ├ğok CL.EXE ayn─▒ .PDB dosyas─▒na yaz─▒yorsa, l├╝tfen /FS kullan─▒n [C:\ShadowStrike\ShadowStrike\PhantomSensor\PhantomSensor.vcxproj]
  C:\ShadowStrike\ShadowStrike\PhantomSensor\PhantomSensor\Callbacks\FileSystem\USBDeviceControl.c(1,1): error C1041: program veritaban─▒ 'C:\ShadowStrike\ShadowStrike\PhantomSensor\x64\Release\vc143.pdb' a├ğ─▒lam─▒yor; e─şer birden ├ğok CL.EXE ayn─▒ .PDB dosyas─▒na yaz─▒yorsa, l├╝tfen /FS kullan─▒n [C:\ShadowStrike\ShadowStrike\PhantomSensor\PhantomSensor.vcxproj]
  C:\ShadowStrike\ShadowStrike\PhantomSensor\PhantomSensor\Callbacks\Object\ObjectCallback.c(1,1): error C1041: program veritaban─▒ 'C:\ShadowStrike\ShadowStrike\PhantomSensor\x64\Release\vc143.pdb' a├ğ─▒lam─▒yor; e─şer birden ├ğok CL.EXE ayn─▒ .PDB dosyas─▒na yaz─▒yorsa, l├╝tfen /FS kullan─▒n [C:\ShadowStrike\ShadowStrike\PhantomSensor\PhantomSensor.vcxproj]
  C:\ShadowStrike\ShadowStrike\PhantomSensor\PhantomSensor\Callbacks\Object\ProcessProtection.c(1,1): error C1041: program veritaban─▒ 'C:\ShadowStrike\ShadowStrike\PhantomSensor\x64\Release\vc143.pdb' a├ğ─▒lam─▒yor; e─şer birden ├ğok CL.EXE ayn─▒ .PDB dosyas─▒na yaz─▒yorsa, l├╝tfen /FS kullan─▒n [C:\ShadowStrike\ShadowStrike\PhantomSensor\PhantomSensor.vcxproj]
  C:\ShadowStrike\ShadowStrike\PhantomSensor\PhantomSensor\Callbacks\Object\ThreadProtection.c(1,1): error C1041: program veritaban─▒ 'C:\ShadowStrike\ShadowStrike\PhantomSensor\x64\Release\vc143.pdb' a├ğ─▒lam─▒yor; e─şer birden ├ğok CL.EXE ayn─▒ .PDB dosyas─▒na yaz─▒yorsa, l├╝tfen /FS kullan─▒n [C:\ShadowStrike\ShadowStrike\PhantomSensor\PhantomSensor.vcxproj]
  C:\ShadowStrike\ShadowStrike\PhantomSensor\PhantomSensor\Callbacks\Process\AmsiBypassDetector.c(1,1): error C1041: program veritaban─▒ 'C:\ShadowStrike\ShadowStrike\PhantomSensor\x64\Release\vc143.pdb' a├ğ─▒lam─▒yor; e─şer birden ├ğok CL.EXE ayn─▒ .PDB dosyas─▒na yaz─▒yorsa, l├╝tfen /FS kullan─▒n [C:\ShadowStrike\ShadowStrike\PhantomSensor\PhantomSensor.vcxproj]
  C:\ShadowStrike\ShadowStrike\PhantomSensor\PhantomSensor\Callbacks\Process\AppControl.c(1,1): error C1041: program veritaban─▒ 'C:\ShadowStrike\ShadowStrike\PhantomSensor\x64\Release\vc143.pdb' a├ğ─▒lam─▒yor; e─şer birden ├ğok CL.EXE ayn─▒ .PDB dosyas─▒na yaz─▒yorsa, l├╝tfen /FS kullan─▒n [C:\ShadowStrike\ShadowStrike\PhantomSensor\PhantomSensor.vcxproj]
  C:\ShadowStrike\ShadowStrike\PhantomSensor\PhantomSensor\Callbacks\Process\ClipboardMonitor.c(1,1): error C1041: program veritaban─▒ 'C:\ShadowStrike\ShadowStrike\PhantomSensor\x64\Release\vc143.pdb' a├ğ─▒lam─▒yor; e─şer birden ├ğok CL.EXE ayn─▒ .PDB dosyas─▒na yaz─▒yorsa, l├╝tfen /FS kullan─▒n [C:\ShadowStrike\ShadowStrike\PhantomSensor\PhantomSensor.vcxproj]
  C:\ShadowStrike\ShadowStrike\PhantomSensor\PhantomSensor\Callbacks\Process\CommandLineParser.c(1,1): error C1041: program veritaban─▒ 'C:\ShadowStrike\ShadowStrike\PhantomSensor\x64\Release\vc143.pdb' a├ğ─▒lam─▒yor; e─şer birden ├ğok CL.EXE ayn─▒ .PDB dosyas─▒na yaz─▒yorsa, l├╝tfen /FS kullan─▒n [C:\ShadowStrike\ShadowStrike\PhantomSensor\PhantomSensor.vcxproj]
  C:\ShadowStrike\ShadowStrike\PhantomSensor\PhantomSensor\Callbacks\Process\EnvironmentMonitor.c(1,1): error C1041: program veritaban─▒ 'C:\ShadowStrike\ShadowStrike\PhantomSensor\x64\Release\vc143.pdb' a├ğ─▒lam─▒yor; e─şer birden ├ğok CL.EXE ayn─▒ .PDB dosyas─▒na yaz─▒yorsa, l├╝tfen /FS kullan─▒n [C:\ShadowStrike\ShadowStrike\PhantomSensor\PhantomSensor.vcxproj]
  C:\ShadowStrike\ShadowStrike\PhantomSensor\PhantomSensor\Callbacks\Process\HandleTracker.c(1,1): error C1041: program veritaban─▒ 'C:\ShadowStrike\ShadowStrike\PhantomSensor\x64\Release\vc143.pdb' a├ğ─▒lam─▒yor; e─şer birden ├ğok CL.EXE ayn─▒ .PDB dosyas─▒na yaz─▒yorsa, l├╝tfen /FS kullan─▒n [C:\ShadowStrike\ShadowStrike\PhantomSensor\PhantomSensor.vcxproj]
  C:\ShadowStrike\ShadowStrike\PhantomSensor\PhantomSensor\Callbacks\Process\ImageNotify.c(1,1): error C1041: program veritaban─▒ 'C:\ShadowStrike\ShadowStrike\PhantomSensor\x64\Release\vc143.pdb' a├ğ─▒lam─▒yor; e─şer birden ├ğok CL.EXE ayn─▒ .PDB dosyas─▒na yaz─▒yorsa, l├╝tfen /FS kullan─▒n [C:\ShadowStrike\ShadowStrike\PhantomSensor\PhantomSensor.vcxproj]
  C:\ShadowStrike\ShadowStrike\PhantomSensor\PhantomSensor\Callbacks\Process\ParentChainTracker.c(1,1): error C1041: program veritaban─▒ 'C:\ShadowStrike\ShadowStrike\PhantomSensor\x64\Release\vc143.pdb' a├ğ─▒lam─▒yor; e─şer birden ├ğok CL.EXE ayn─▒ .PDB dosyas─▒na yaz─▒yorsa, l├╝tfen /FS kullan─▒n [C:\ShadowStrike\ShadowStrike\PhantomSensor\PhantomSensor.vcxproj]
  C:\ShadowStrike\ShadowStrike\PhantomSensor\PhantomSensor\Callbacks\Process\PrivilegeMonitor.c(1,1): error C1041: program veritaban─▒ 'C:\ShadowStrike\ShadowStrike\PhantomSensor\x64\Release\vc143.pdb' a├ğ─▒lam─▒yor; e─şer birden ├ğok CL.EXE ayn─▒ .PDB dosyas─▒na yaz─▒yorsa, l├╝tfen /FS kullan─▒n [C:\ShadowStrike\ShadowStrike\PhantomSensor\PhantomSensor.vcxproj]
  C:\ShadowStrike\ShadowStrike\PhantomSensor\PhantomSensor\Callbacks\Process\ProcessAnalyzer.c(1,1): error C1041: program veritaban─▒ 'C:\ShadowStrike\ShadowStrike\PhantomSensor\x64\Release\vc143.pdb' a├ğ─▒lam─▒yor; e─şer birden ├ğok CL.EXE ayn─▒ .PDB dosyas─▒na yaz─▒yorsa, l├╝tfen /FS kullan─▒n [C:\ShadowStrike\ShadowStrike\PhantomSensor\PhantomSensor.vcxproj]
  C:\ShadowStrike\ShadowStrike\PhantomSensor\PhantomSensor\Callbacks\Process\ProcessNotify.c(1,1): error C1041: program veritaban─▒ 'C:\ShadowStrike\ShadowStrike\PhantomSensor\x64\Release\vc143.pdb' a├ğ─▒lam─▒yor; e─şer birden ├ğok CL.EXE ayn─▒ .PDB dosyas─▒na yaz─▒yorsa, l├╝tfen /FS kullan─▒n [C:\ShadowStrike\ShadowStrike\PhantomSensor\PhantomSensor.vcxproj]
  C:\ShadowStrike\ShadowStrike\PhantomSensor\PhantomSensor\Callbacks\Process\ProcessRelationship.c(1,1): error C1041: program veritaban─▒ 'C:\ShadowStrike\ShadowStrike\PhantomSensor\x64\Release\vc143.pdb' a├ğ─▒lam─▒yor; e─şer birden ├ğok CL.EXE ayn─▒ .PDB dosyas─▒na yaz─▒yorsa, l├╝tfen /FS kullan─▒n [C:\ShadowStrike\ShadowStrike\PhantomSensor\PhantomSensor.vcxproj]
  C:\ShadowStrike\ShadowStrike\PhantomSensor\PhantomSensor\Callbacks\Process\ThreadNotify.c(1,1): error C1041: program veritaban─▒ 'C:\ShadowStrike\ShadowStrike\PhantomSensor\x64\Release\vc143.pdb' a├ğ─▒lam─▒yor; e─şer birden ├ğok CL.EXE ayn─▒ .PDB dosyas─▒na yaz─▒yorsa, l├╝tfen /FS kullan─▒n [C:\ShadowStrike\ShadowStrike\PhantomSensor\PhantomSensor.vcxproj]
  C:\ShadowStrike\ShadowStrike\PhantomSensor\PhantomSensor\Callbacks\Process\TokenAnalyzer.c(1,1): error C1041: program veritaban─▒ 'C:\ShadowStrike\ShadowStrike\PhantomSensor\x64\Release\vc143.pdb' a├ğ─▒lam─▒yor; e─şer birden ├ğok CL.EXE ayn─▒ .PDB dosyas─▒na yaz─▒yorsa, l├╝tfen /FS kullan─▒n [C:\ShadowStrike\ShadowStrike\PhantomSensor\PhantomSensor.vcxproj]
  C:\ShadowStrike\ShadowStrike\PhantomSensor\PhantomSensor\Callbacks\Process\WSLMonitor.c(1,1): error C1041: program veritaban─▒ 'C:\ShadowStrike\ShadowStrike\PhantomSensor\x64\Release\vc143.pdb' a├ğ─▒lam─▒yor; e─şer birden ├ğok CL.EXE ayn─▒ .PDB dosyas─▒na yaz─▒yorsa, l├╝tfen /FS kullan─▒n [C:\ShadowStrike\ShadowStrike\PhantomSensor\PhantomSensor.vcxproj]
  C:\ShadowStrike\ShadowStrike\PhantomSensor\PhantomSensor\Callbacks\Registry\RegistryCallback.c(1,1): error C1041: program veritaban─▒ 'C:\ShadowStrike\ShadowStrike\PhantomSensor\x64\Release\vc143.pdb' a├ğ─▒lam─▒yor; e─şer birden ├ğok CL.EXE ayn─▒ .PDB dosyas─▒na yaz─▒yorsa, l├╝tfen /FS kullan─▒n [C:\ShadowStrike\ShadowStrike\PhantomSensor\PhantomSensor.vcxproj]
  C:\ShadowStrike\ShadowStrike\PhantomSensor\PhantomSensor\Communication\ScanBridge.c(1,1): error C1041: program veritaban─▒ 'C:\ShadowStrike\ShadowStrike\PhantomSensor\x64\Release\vc143.pdb' a├ğ─▒lam─▒yor; e─şer birden ├ğok CL.EXE ayn─▒ .PDB dosyas─▒na yaz─▒yorsa, l├╝tfen /FS kullan─▒n [C:\ShadowStrike\ShadowStrike\PhantomSensor\PhantomSensor.vcxproj]
  C:\ShadowStrike\ShadowStrike\PhantomSensor\PhantomSensor\Exclusions\ProcessExclusion.c(1,1): error C1041: program veritaban─▒ 'C:\ShadowStrike\ShadowStrike\PhantomSensor\x64\Release\vc143.pdb' a├ğ─▒lam─▒yor; e─şer birden ├ğok CL.EXE ayn─▒ .PDB dosyas─▒na yaz─▒yorsa, l├╝tfen /FS kullan─▒n [C:\ShadowStrike\ShadowStrike\PhantomSensor\PhantomSensor.vcxproj]
  C:\ShadowStrike\ShadowStrike\PhantomSensor\PhantomSensor\Memory\MemoryMonitor.c(1,1): error C1041: program veritaban─▒ 'C:\ShadowStrike\ShadowStrike\PhantomSensor\x64\Release\vc143.pdb' a├ğ─▒lam─▒yor; e─şer birden ├ğok CL.EXE ayn─▒ .PDB dosyas─▒na yaz─▒yorsa, l├╝tfen /FS kullan─▒n [C:\ShadowStrike\ShadowStrike\PhantomSensor\PhantomSensor.vcxproj]
  C:\ShadowStrike\ShadowStrike\PhantomSensor\PhantomSensor\Memory\MemoryScanner.c(1,1): error C1041: program veritaban─▒ 'C:\ShadowStrike\ShadowStrike\PhantomSensor\x64\Release\vc143.pdb' a├ğ─▒lam─▒yor; e─şer birden ├ğok CL.EXE ayn─▒ .PDB dosyas─▒na yaz─▒yorsa, l├╝tfen /FS kullan─▒n [C:\ShadowStrike\ShadowStrike\PhantomSensor\PhantomSensor.vcxproj]
  C:\ShadowStrike\ShadowStrike\PhantomSensor\PhantomSensor\Performance\BatchProcessing.c(1,1): error C1041: program veritaban─▒ 'C:\ShadowStrike\ShadowStrike\PhantomSensor\x64\Release\vc143.pdb' a├ğ─▒lam─▒yor; e─şer birden ├ğok CL.EXE ayn─▒ .PDB dosyas─▒na yaz─▒yorsa, l├╝tfen /FS kullan─▒n [C:\ShadowStrike\ShadowStrike\PhantomSensor\PhantomSensor.vcxproj]
  C:\ShadowStrike\ShadowStrike\PhantomSensor\PhantomSensor\Performance\CacheOptimization.c(1,1): error C1041: program veritaban─▒ 'C:\ShadowStrike\ShadowStrike\PhantomSensor\x64\Release\vc143.pdb' a├ğ─▒lam─▒yor; e─şer birden ├ğok CL.EXE ayn─▒ .PDB dosyas─▒na yaz─▒yorsa, l├╝tfen /FS kullan─▒n [C:\ShadowStrike\ShadowStrike\PhantomSensor\PhantomSensor.vcxproj]
  C:\ShadowStrike\ShadowStrike\PhantomSensor\PhantomSensor\Utilities\StringUtils.c(1,1): error C1041: program veritaban─▒ 'C:\ShadowStrike\ShadowStrike\PhantomSensor\x64\Release\vc143.pdb' a├ğ─▒lam─▒yor; e─şer birden ├ğok CL.EXE ayn─▒ .PDB dosyas─▒na yaz─▒yorsa, l├╝tfen /FS kullan─▒n [C:\ShadowStrike\ShadowStrike\PhantomSensor\PhantomSensor.vcxproj]

    0 Uyar─▒
    36 Hata

Ge├ğen S├╝re 00:00:00.61
